// Jest Snapshot v1, https://goo.gl/fbAQLP

exports[`Add World Modal matches snapshot 1`] = `
ShallowWrapper {
  "length": 1,
  Symbol(enzyme.__root__): [Circular],
  Symbol(enzyme.__unrendered__): <Unknown
    handleFormSubmit={[Function]}
    modalType="sup"
/>,
  Symbol(enzyme.__renderer__): Object {
    "batchedUpdates": [Function],
    "getNode": [Function],
    "render": [Function],
    "simulateEvent": [Function],
    "unmount": [Function],
  },
  Symbol(enzyme.__node__): Object {
    "instance": null,
    "key": undefined,
    "nodeType": "class",
    "props": Object {
      "children": Array [
        <div
          className="modal-header"
>
          <h5
                    className="modal-title"
          >
                    Add New World
          </h5>
</div>,
        <div
          className="modal-body"
>
          <Connect(ReduxForm)
                    formName="world"
                    handleFormSubmit={[Function]}
          />
</div>,
      ],
      "className": "modal-md",
      "contentLabel": "Modal",
      "modalType": "sup",
    },
    "ref": null,
    "rendered": Array [
      Object {
        "instance": null,
        "key": undefined,
        "nodeType": "host",
        "props": Object {
          "children": <h5
            className="modal-title"
>
            Add New World
</h5>,
          "className": "modal-header",
        },
        "ref": null,
        "rendered": Object {
          "instance": null,
          "key": undefined,
          "nodeType": "host",
          "props": Object {
            "children": "Add New World",
            "className": "modal-title",
          },
          "ref": null,
          "rendered": "Add New World",
          "type": "h5",
        },
        "type": "div",
      },
      Object {
        "instance": null,
        "key": undefined,
        "nodeType": "host",
        "props": Object {
          "children": <Connect(ReduxForm)
            formName="world"
            handleFormSubmit={[Function]}
/>,
          "className": "modal-body",
        },
        "ref": null,
        "rendered": Object {
          "instance": null,
          "key": undefined,
          "nodeType": "class",
          "props": Object {
            "formName": "world",
            "handleFormSubmit": [Function],
          },
          "ref": null,
          "rendered": null,
          "type": [Function],
        },
        "type": "div",
      },
    ],
    "type": [Function],
  },
  Symbol(enzyme.__nodes__): Array [
    Object {
      "instance": null,
      "key": undefined,
      "nodeType": "class",
      "props": Object {
        "children": Array [
          <div
            className="modal-header"
>
            <h5
                        className="modal-title"
            >
                        Add New World
            </h5>
</div>,
          <div
            className="modal-body"
>
            <Connect(ReduxForm)
                        formName="world"
                        handleFormSubmit={[Function]}
            />
</div>,
        ],
        "className": "modal-md",
        "contentLabel": "Modal",
        "modalType": "sup",
      },
      "ref": null,
      "rendered": Array [
        Object {
          "instance": null,
          "key": undefined,
          "nodeType": "host",
          "props": Object {
            "children": <h5
              className="modal-title"
>
              Add New World
</h5>,
            "className": "modal-header",
          },
          "ref": null,
          "rendered": Object {
            "instance": null,
            "key": undefined,
            "nodeType": "host",
            "props": Object {
              "children": "Add New World",
              "className": "modal-title",
            },
            "ref": null,
            "rendered": "Add New World",
            "type": "h5",
          },
          "type": "div",
        },
        Object {
          "instance": null,
          "key": undefined,
          "nodeType": "host",
          "props": Object {
            "children": <Connect(ReduxForm)
              formName="world"
              handleFormSubmit={[Function]}
/>,
            "className": "modal-body",
          },
          "ref": null,
          "rendered": Object {
            "instance": null,
            "key": undefined,
            "nodeType": "class",
            "props": Object {
              "formName": "world",
              "handleFormSubmit": [Function],
            },
            "ref": null,
            "rendered": null,
            "type": [Function],
          },
          "type": "div",
        },
      ],
      "type": [Function],
    },
  ],
  Symbol(enzyme.__options__): Object {
    "adapter": ReactSixteenAdapter {
      "options": Object {
        "enableComponentDidUpdateOnSetState": true,
      },
    },
  },
}
`;
