// Jest Snapshot v1, https://goo.gl/fbAQLP

exports[`Worlds List matches snapshot 1`] = `
ShallowWrapper {
  "length": 1,
  Symbol(enzyme.__root__): [Circular],
  Symbol(enzyme.__unrendered__): <Unknown
    history={
        Object {
            "action": "POP",
            "block": [Function],
            "createHref": [Function],
            "go": [Function],
            "goBack": [Function],
            "goForward": [Function],
            "length": 2,
            "listen": [Function],
            "location": Object {
              "hash": "",
              "key": "",
              "pathname": "",
              "search": "",
              "state": Object {},
            },
            "push": [Function],
            "replace": [Function],
          }
    }
    location={
        Object {
            "hash": "",
            "key": "",
            "pathname": "",
            "search": "",
            "state": Object {},
          }
    }
    match={
        Object {
            "isExact": true,
            "params": null,
            "path": "",
            "url": "",
          }
    }
    worlds={
        Array [
            Object {
              "createdAt": 1,
              "description": "string",
              "id": "id1",
              "isPublished": true,
              "key": "key1",
              "length": 2,
              "name": "name1",
              "nullStructureId": "a",
              "structures": Array [],
              "width": 1,
            },
            Object {
              "createdAt": 3,
              "description": undefined,
              "id": "id3",
              "isPublished": false,
              "key": "key2",
              "length": 4,
              "name": "name3",
              "nullStructureId": "a",
              "structures": Array [],
              "width": 3,
            },
          ]
    }
/>,
  Symbol(enzyme.__renderer__): Object {
    "batchedUpdates": [Function],
    "getNode": [Function],
    "render": [Function],
    "simulateEvent": [Function],
    "unmount": [Function],
  },
  Symbol(enzyme.__node__): Object {
    "instance": null,
    "key": undefined,
    "nodeType": "function",
    "props": Object {
      "children": Array [
        <ListGroupItem
          tag="li"
>
          <h2>
                    Worlds
          </h2>
          <Connect(OpenModalButton)
                    modalProps={
                              Object {
                                        "ariaLabel": "Sup",
                                        "formName": "world",
                                      }
                    }
                    modalType="ADD_WORLD"
          >
                    New
          </Connect(OpenModalButton)>
</ListGroupItem>,
        <ListGroupItem
          tag="li"
>
          <ListGroup
                    className="list-group-flush"
                    tag="ul"
          >
                    <Link
                              className="list-group-item list-group-item-action"
                              replace={false}
                              to="/key1"
                    >
                              <h3>
                                        name1
                              </h3>
                              <time
                                        className="start-date"
                                        dateTime="Dec 31, 1969 6:00 PM"
                              >
                                         
                                        Dec 31, 1969 6:00 PM
                              </time>
                              <div
                                        dangerouslySetInnerHTML={
                                                  Object {
                                                            "__html": "string",
                                                          }
                                        }
                              />
                    </Link>
                    <Link
                              className="list-group-item list-group-item-action"
                              replace={false}
                              to="/key2"
                    >
                              <h3>
                                        name3
                              </h3>
                              <time
                                        className="start-date"
                                        dateTime="Dec 31, 1969 6:00 PM"
                              >
                                         
                                        Dec 31, 1969 6:00 PM
                              </time>
                              <div
                                        dangerouslySetInnerHTML={
                                                  Object {
                                                            "__html": "",
                                                          }
                                        }
                              />
                    </Link>
          </ListGroup>
</ListGroupItem>,
      ],
      "tag": "ul",
    },
    "ref": null,
    "rendered": Array [
      Object {
        "instance": null,
        "key": "title",
        "nodeType": "function",
        "props": Object {
          "children": Array [
            <h2>
              Worlds
</h2>,
            <Connect(OpenModalButton)
              modalProps={
                            Object {
                                          "ariaLabel": "Sup",
                                          "formName": "world",
                                        }
              }
              modalType="ADD_WORLD"
>
              New
</Connect(OpenModalButton)>,
          ],
          "tag": "li",
        },
        "ref": null,
        "rendered": Array [
          Object {
            "instance": null,
            "key": undefined,
            "nodeType": "host",
            "props": Object {
              "children": "Worlds",
            },
            "ref": null,
            "rendered": "Worlds",
            "type": "h2",
          },
          Object {
            "instance": null,
            "key": undefined,
            "nodeType": "class",
            "props": Object {
              "children": "New",
              "modalProps": Object {
                "ariaLabel": "Sup",
                "formName": "world",
              },
              "modalType": "ADD_WORLD",
            },
            "ref": null,
            "rendered": "New",
            "type": [Function],
          },
        ],
        "type": [Function],
      },
      Object {
        "instance": null,
        "key": "worlds",
        "nodeType": "function",
        "props": Object {
          "children": <ListGroup
            className="list-group-flush"
            tag="ul"
>
            <Link
                        className="list-group-item list-group-item-action"
                        replace={false}
                        to="/key1"
            >
                        <h3>
                                    name1
                        </h3>
                        <time
                                    className="start-date"
                                    dateTime="Dec 31, 1969 6:00 PM"
                        >
                                     
                                    Dec 31, 1969 6:00 PM
                        </time>
                        <div
                                    dangerouslySetInnerHTML={
                                                Object {
                                                            "__html": "string",
                                                          }
                                    }
                        />
            </Link>
            <Link
                        className="list-group-item list-group-item-action"
                        replace={false}
                        to="/key2"
            >
                        <h3>
                                    name3
                        </h3>
                        <time
                                    className="start-date"
                                    dateTime="Dec 31, 1969 6:00 PM"
                        >
                                     
                                    Dec 31, 1969 6:00 PM
                        </time>
                        <div
                                    dangerouslySetInnerHTML={
                                                Object {
                                                            "__html": "",
                                                          }
                                    }
                        />
            </Link>
</ListGroup>,
          "tag": "li",
        },
        "ref": null,
        "rendered": Object {
          "instance": null,
          "key": undefined,
          "nodeType": "function",
          "props": Object {
            "children": Array [
              <Link
                className="list-group-item list-group-item-action"
                replace={false}
                to="/key1"
>
                <h3>
                                name1
                </h3>
                <time
                                className="start-date"
                                dateTime="Dec 31, 1969 6:00 PM"
                >
                                 
                                Dec 31, 1969 6:00 PM
                </time>
                <div
                                dangerouslySetInnerHTML={
                                                Object {
                                                                "__html": "string",
                                                              }
                                }
                />
</Link>,
              <Link
                className="list-group-item list-group-item-action"
                replace={false}
                to="/key2"
>
                <h3>
                                name3
                </h3>
                <time
                                className="start-date"
                                dateTime="Dec 31, 1969 6:00 PM"
                >
                                 
                                Dec 31, 1969 6:00 PM
                </time>
                <div
                                dangerouslySetInnerHTML={
                                                Object {
                                                                "__html": "",
                                                              }
                                }
                />
</Link>,
            ],
            "className": "list-group-flush",
            "tag": "ul",
          },
          "ref": null,
          "rendered": Array [
            Object {
              "instance": null,
              "key": "id1",
              "nodeType": "class",
              "props": Object {
                "children": Array [
                  <h3>
                    name1
</h3>,
                  <time
                    className="start-date"
                    dateTime="Dec 31, 1969 6:00 PM"
>
                     
                    Dec 31, 1969 6:00 PM
</time>,
                  <div
                    dangerouslySetInnerHTML={
                                        Object {
                                                            "__html": "string",
                                                          }
                    }
/>,
                ],
                "className": "list-group-item list-group-item-action",
                "replace": false,
                "to": "/key1",
              },
              "ref": null,
              "rendered": Array [
                Object {
                  "instance": null,
                  "key": undefined,
                  "nodeType": "host",
                  "props": Object {
                    "children": "name1",
                  },
                  "ref": null,
                  "rendered": "name1",
                  "type": "h3",
                },
                Object {
                  "instance": null,
                  "key": undefined,
                  "nodeType": "host",
                  "props": Object {
                    "children": Array [
                      " ",
                      "Dec 31, 1969 6:00 PM",
                    ],
                    "className": "start-date",
                    "dateTime": "Dec 31, 1969 6:00 PM",
                  },
                  "ref": null,
                  "rendered": Array [
                    " ",
                    "Dec 31, 1969 6:00 PM",
                  ],
                  "type": "time",
                },
                Object {
                  "instance": null,
                  "key": undefined,
                  "nodeType": "host",
                  "props": Object {
                    "dangerouslySetInnerHTML": Object {
                      "__html": "string",
                    },
                  },
                  "ref": null,
                  "rendered": null,
                  "type": "div",
                },
              ],
              "type": [Function],
            },
            Object {
              "instance": null,
              "key": "id3",
              "nodeType": "class",
              "props": Object {
                "children": Array [
                  <h3>
                    name3
</h3>,
                  <time
                    className="start-date"
                    dateTime="Dec 31, 1969 6:00 PM"
>
                     
                    Dec 31, 1969 6:00 PM
</time>,
                  <div
                    dangerouslySetInnerHTML={
                                        Object {
                                                            "__html": "",
                                                          }
                    }
/>,
                ],
                "className": "list-group-item list-group-item-action",
                "replace": false,
                "to": "/key2",
              },
              "ref": null,
              "rendered": Array [
                Object {
                  "instance": null,
                  "key": undefined,
                  "nodeType": "host",
                  "props": Object {
                    "children": "name3",
                  },
                  "ref": null,
                  "rendered": "name3",
                  "type": "h3",
                },
                Object {
                  "instance": null,
                  "key": undefined,
                  "nodeType": "host",
                  "props": Object {
                    "children": Array [
                      " ",
                      "Dec 31, 1969 6:00 PM",
                    ],
                    "className": "start-date",
                    "dateTime": "Dec 31, 1969 6:00 PM",
                  },
                  "ref": null,
                  "rendered": Array [
                    " ",
                    "Dec 31, 1969 6:00 PM",
                  ],
                  "type": "time",
                },
                Object {
                  "instance": null,
                  "key": undefined,
                  "nodeType": "host",
                  "props": Object {
                    "dangerouslySetInnerHTML": Object {
                      "__html": "",
                    },
                  },
                  "ref": null,
                  "rendered": null,
                  "type": "div",
                },
              ],
              "type": [Function],
            },
          ],
          "type": [Function],
        },
        "type": [Function],
      },
    ],
    "type": [Function],
  },
  Symbol(enzyme.__nodes__): Array [
    Object {
      "instance": null,
      "key": undefined,
      "nodeType": "function",
      "props": Object {
        "children": Array [
          <ListGroupItem
            tag="li"
>
            <h2>
                        Worlds
            </h2>
            <Connect(OpenModalButton)
                        modalProps={
                                    Object {
                                                "ariaLabel": "Sup",
                                                "formName": "world",
                                              }
                        }
                        modalType="ADD_WORLD"
            >
                        New
            </Connect(OpenModalButton)>
</ListGroupItem>,
          <ListGroupItem
            tag="li"
>
            <ListGroup
                        className="list-group-flush"
                        tag="ul"
            >
                        <Link
                                    className="list-group-item list-group-item-action"
                                    replace={false}
                                    to="/key1"
                        >
                                    <h3>
                                                name1
                                    </h3>
                                    <time
                                                className="start-date"
                                                dateTime="Dec 31, 1969 6:00 PM"
                                    >
                                                 
                                                Dec 31, 1969 6:00 PM
                                    </time>
                                    <div
                                                dangerouslySetInnerHTML={
                                                            Object {
                                                                        "__html": "string",
                                                                      }
                                                }
                                    />
                        </Link>
                        <Link
                                    className="list-group-item list-group-item-action"
                                    replace={false}
                                    to="/key2"
                        >
                                    <h3>
                                                name3
                                    </h3>
                                    <time
                                                className="start-date"
                                                dateTime="Dec 31, 1969 6:00 PM"
                                    >
                                                 
                                                Dec 31, 1969 6:00 PM
                                    </time>
                                    <div
                                                dangerouslySetInnerHTML={
                                                            Object {
                                                                        "__html": "",
                                                                      }
                                                }
                                    />
                        </Link>
            </ListGroup>
</ListGroupItem>,
        ],
        "tag": "ul",
      },
      "ref": null,
      "rendered": Array [
        Object {
          "instance": null,
          "key": "title",
          "nodeType": "function",
          "props": Object {
            "children": Array [
              <h2>
                Worlds
</h2>,
              <Connect(OpenModalButton)
                modalProps={
                                Object {
                                                "ariaLabel": "Sup",
                                                "formName": "world",
                                              }
                }
                modalType="ADD_WORLD"
>
                New
</Connect(OpenModalButton)>,
            ],
            "tag": "li",
          },
          "ref": null,
          "rendered": Array [
            Object {
              "instance": null,
              "key": undefined,
              "nodeType": "host",
              "props": Object {
                "children": "Worlds",
              },
              "ref": null,
              "rendered": "Worlds",
              "type": "h2",
            },
            Object {
              "instance": null,
              "key": undefined,
              "nodeType": "class",
              "props": Object {
                "children": "New",
                "modalProps": Object {
                  "ariaLabel": "Sup",
                  "formName": "world",
                },
                "modalType": "ADD_WORLD",
              },
              "ref": null,
              "rendered": "New",
              "type": [Function],
            },
          ],
          "type": [Function],
        },
        Object {
          "instance": null,
          "key": "worlds",
          "nodeType": "function",
          "props": Object {
            "children": <ListGroup
              className="list-group-flush"
              tag="ul"
>
              <Link
                            className="list-group-item list-group-item-action"
                            replace={false}
                            to="/key1"
              >
                            <h3>
                                          name1
                            </h3>
                            <time
                                          className="start-date"
                                          dateTime="Dec 31, 1969 6:00 PM"
                            >
                                           
                                          Dec 31, 1969 6:00 PM
                            </time>
                            <div
                                          dangerouslySetInnerHTML={
                                                        Object {
                                                                      "__html": "string",
                                                                    }
                                          }
                            />
              </Link>
              <Link
                            className="list-group-item list-group-item-action"
                            replace={false}
                            to="/key2"
              >
                            <h3>
                                          name3
                            </h3>
                            <time
                                          className="start-date"
                                          dateTime="Dec 31, 1969 6:00 PM"
                            >
                                           
                                          Dec 31, 1969 6:00 PM
                            </time>
                            <div
                                          dangerouslySetInnerHTML={
                                                        Object {
                                                                      "__html": "",
                                                                    }
                                          }
                            />
              </Link>
</ListGroup>,
            "tag": "li",
          },
          "ref": null,
          "rendered": Object {
            "instance": null,
            "key": undefined,
            "nodeType": "function",
            "props": Object {
              "children": Array [
                <Link
                  className="list-group-item list-group-item-action"
                  replace={false}
                  to="/key1"
>
                  <h3>
                                    name1
                  </h3>
                  <time
                                    className="start-date"
                                    dateTime="Dec 31, 1969 6:00 PM"
                  >
                                     
                                    Dec 31, 1969 6:00 PM
                  </time>
                  <div
                                    dangerouslySetInnerHTML={
                                                      Object {
                                                                        "__html": "string",
                                                                      }
                                    }
                  />
</Link>,
                <Link
                  className="list-group-item list-group-item-action"
                  replace={false}
                  to="/key2"
>
                  <h3>
                                    name3
                  </h3>
                  <time
                                    className="start-date"
                                    dateTime="Dec 31, 1969 6:00 PM"
                  >
                                     
                                    Dec 31, 1969 6:00 PM
                  </time>
                  <div
                                    dangerouslySetInnerHTML={
                                                      Object {
                                                                        "__html": "",
                                                                      }
                                    }
                  />
</Link>,
              ],
              "className": "list-group-flush",
              "tag": "ul",
            },
            "ref": null,
            "rendered": Array [
              Object {
                "instance": null,
                "key": "id1",
                "nodeType": "class",
                "props": Object {
                  "children": Array [
                    <h3>
                      name1
</h3>,
                    <time
                      className="start-date"
                      dateTime="Dec 31, 1969 6:00 PM"
>
                       
                      Dec 31, 1969 6:00 PM
</time>,
                    <div
                      dangerouslySetInnerHTML={
                                            Object {
                                                                  "__html": "string",
                                                                }
                      }
/>,
                  ],
                  "className": "list-group-item list-group-item-action",
                  "replace": false,
                  "to": "/key1",
                },
                "ref": null,
                "rendered": Array [
                  Object {
                    "instance": null,
                    "key": undefined,
                    "nodeType": "host",
                    "props": Object {
                      "children": "name1",
                    },
                    "ref": null,
                    "rendered": "name1",
                    "type": "h3",
                  },
                  Object {
                    "instance": null,
                    "key": undefined,
                    "nodeType": "host",
                    "props": Object {
                      "children": Array [
                        " ",
                        "Dec 31, 1969 6:00 PM",
                      ],
                      "className": "start-date",
                      "dateTime": "Dec 31, 1969 6:00 PM",
                    },
                    "ref": null,
                    "rendered": Array [
                      " ",
                      "Dec 31, 1969 6:00 PM",
                    ],
                    "type": "time",
                  },
                  Object {
                    "instance": null,
                    "key": undefined,
                    "nodeType": "host",
                    "props": Object {
                      "dangerouslySetInnerHTML": Object {
                        "__html": "string",
                      },
                    },
                    "ref": null,
                    "rendered": null,
                    "type": "div",
                  },
                ],
                "type": [Function],
              },
              Object {
                "instance": null,
                "key": "id3",
                "nodeType": "class",
                "props": Object {
                  "children": Array [
                    <h3>
                      name3
</h3>,
                    <time
                      className="start-date"
                      dateTime="Dec 31, 1969 6:00 PM"
>
                       
                      Dec 31, 1969 6:00 PM
</time>,
                    <div
                      dangerouslySetInnerHTML={
                                            Object {
                                                                  "__html": "",
                                                                }
                      }
/>,
                  ],
                  "className": "list-group-item list-group-item-action",
                  "replace": false,
                  "to": "/key2",
                },
                "ref": null,
                "rendered": Array [
                  Object {
                    "instance": null,
                    "key": undefined,
                    "nodeType": "host",
                    "props": Object {
                      "children": "name3",
                    },
                    "ref": null,
                    "rendered": "name3",
                    "type": "h3",
                  },
                  Object {
                    "instance": null,
                    "key": undefined,
                    "nodeType": "host",
                    "props": Object {
                      "children": Array [
                        " ",
                        "Dec 31, 1969 6:00 PM",
                      ],
                      "className": "start-date",
                      "dateTime": "Dec 31, 1969 6:00 PM",
                    },
                    "ref": null,
                    "rendered": Array [
                      " ",
                      "Dec 31, 1969 6:00 PM",
                    ],
                    "type": "time",
                  },
                  Object {
                    "instance": null,
                    "key": undefined,
                    "nodeType": "host",
                    "props": Object {
                      "dangerouslySetInnerHTML": Object {
                        "__html": "",
                      },
                    },
                    "ref": null,
                    "rendered": null,
                    "type": "div",
                  },
                ],
                "type": [Function],
              },
            ],
            "type": [Function],
          },
          "type": [Function],
        },
      ],
      "type": [Function],
    },
  ],
  Symbol(enzyme.__options__): Object {
    "adapter": ReactSixteenAdapter {
      "options": Object {
        "enableComponentDidUpdateOnSetState": true,
      },
    },
  },
}
`;
