// Jest Snapshot v1, https://goo.gl/fbAQLP

exports[`App matches snapshot 1`] = `
ShallowWrapper {
  "length": 1,
  Symbol(enzyme.__root__): [Circular],
  Symbol(enzyme.__unrendered__): <App />,
  Symbol(enzyme.__renderer__): Object {
    "batchedUpdates": [Function],
    "getNode": [Function],
    "render": [Function],
    "simulateEvent": [Function],
    "unmount": [Function],
  },
  Symbol(enzyme.__node__): Object {
    "instance": null,
    "key": undefined,
    "nodeType": "host",
    "props": Object {
      "children": Array [
        <Switch>
          <Route
                    component={[Function]}
                    path="/structures"
          />
          <Route
                    component={[Function]}
                    path="/worlds"
          />
</Switch>,
        <Connect(ModalRoot)
          modal_components={
                    Object {
                              "ADD_STRUCTURE_DEFINITION": [Function],
                              "EDIT_STRUCTURE_DEFINITION": [Function],
                            }
          }
/>,
        <Connect(ModalRoot)
          modal_components={
                    Object {
                              "CONFIRM_MODAL": [Function],
                            }
          }
/>,
      ],
      "className": "App",
    },
    "ref": null,
    "rendered": Array [
      Object {
        "instance": null,
        "key": undefined,
        "nodeType": "class",
        "props": Object {
          "children": Array [
            <Route
              component={[Function]}
              path="/structures"
/>,
            <Route
              component={[Function]}
              path="/worlds"
/>,
          ],
        },
        "ref": null,
        "rendered": Array [
          Object {
            "instance": null,
            "key": undefined,
            "nodeType": "class",
            "props": Object {
              "component": [Function],
              "path": "/structures",
            },
            "ref": null,
            "rendered": null,
            "type": [Function],
          },
          Object {
            "instance": null,
            "key": undefined,
            "nodeType": "class",
            "props": Object {
              "component": [Function],
              "path": "/worlds",
            },
            "ref": null,
            "rendered": null,
            "type": [Function],
          },
        ],
        "type": [Function],
      },
      Object {
        "instance": null,
        "key": undefined,
        "nodeType": "class",
        "props": Object {
          "modal_components": Object {
            "ADD_STRUCTURE_DEFINITION": [Function],
            "EDIT_STRUCTURE_DEFINITION": [Function],
          },
        },
        "ref": null,
        "rendered": null,
        "type": [Function],
      },
      Object {
        "instance": null,
        "key": undefined,
        "nodeType": "class",
        "props": Object {
          "modal_components": Object {
            "CONFIRM_MODAL": [Function],
          },
        },
        "ref": null,
        "rendered": null,
        "type": [Function],
      },
    ],
    "type": "div",
  },
  Symbol(enzyme.__nodes__): Array [
    Object {
      "instance": null,
      "key": undefined,
      "nodeType": "host",
      "props": Object {
        "children": Array [
          <Switch>
            <Route
                        component={[Function]}
                        path="/structures"
            />
            <Route
                        component={[Function]}
                        path="/worlds"
            />
</Switch>,
          <Connect(ModalRoot)
            modal_components={
                        Object {
                                    "ADD_STRUCTURE_DEFINITION": [Function],
                                    "EDIT_STRUCTURE_DEFINITION": [Function],
                                  }
            }
/>,
          <Connect(ModalRoot)
            modal_components={
                        Object {
                                    "CONFIRM_MODAL": [Function],
                                  }
            }
/>,
        ],
        "className": "App",
      },
      "ref": null,
      "rendered": Array [
        Object {
          "instance": null,
          "key": undefined,
          "nodeType": "class",
          "props": Object {
            "children": Array [
              <Route
                component={[Function]}
                path="/structures"
/>,
              <Route
                component={[Function]}
                path="/worlds"
/>,
            ],
          },
          "ref": null,
          "rendered": Array [
            Object {
              "instance": null,
              "key": undefined,
              "nodeType": "class",
              "props": Object {
                "component": [Function],
                "path": "/structures",
              },
              "ref": null,
              "rendered": null,
              "type": [Function],
            },
            Object {
              "instance": null,
              "key": undefined,
              "nodeType": "class",
              "props": Object {
                "component": [Function],
                "path": "/worlds",
              },
              "ref": null,
              "rendered": null,
              "type": [Function],
            },
          ],
          "type": [Function],
        },
        Object {
          "instance": null,
          "key": undefined,
          "nodeType": "class",
          "props": Object {
            "modal_components": Object {
              "ADD_STRUCTURE_DEFINITION": [Function],
              "EDIT_STRUCTURE_DEFINITION": [Function],
            },
          },
          "ref": null,
          "rendered": null,
          "type": [Function],
        },
        Object {
          "instance": null,
          "key": undefined,
          "nodeType": "class",
          "props": Object {
            "modal_components": Object {
              "CONFIRM_MODAL": [Function],
            },
          },
          "ref": null,
          "rendered": null,
          "type": [Function],
        },
      ],
      "type": "div",
    },
  ],
  Symbol(enzyme.__options__): Object {
    "adapter": ReactSixteenAdapter {
      "options": Object {
        "enableComponentDidUpdateOnSetState": true,
      },
    },
  },
}
`;
