// Jest Snapshot v1, https://goo.gl/fbAQLP

exports[`Camera Controls for Map renders camera controls 1`] = `
ShallowWrapper {
  "length": 1,
  Symbol(enzyme.__root__): [Circular],
  Symbol(enzyme.__unrendered__): <Unknown />,
  Symbol(enzyme.__renderer__): Object {
    "batchedUpdates": [Function],
    "getNode": [Function],
    "render": [Function],
    "simulateEvent": [Function],
    "unmount": [Function],
  },
  Symbol(enzyme.__node__): Object {
    "instance": null,
    "key": undefined,
    "nodeType": "host",
    "props": Object {
      "children": Array [
        <h3>
          Camera Controls
</h3>,
        <Button
          color="secondary"
          onClick={undefined}
          tag="button"
>
          Zoom In 
</Button>,
        <Button
          color="secondary"
          onClick={undefined}
          tag="button"
>
          Zoom Out 
</Button>,
        <Button
          color="secondary"
          onClick={undefined}
          tag="button"
>
          Reset Zoom
</Button>,
        <Button
          color="info"
          onClick={undefined}
          tag="button"
>
          Pan Up
</Button>,
        <Button
          color="info"
          onClick={undefined}
          tag="button"
>
          Pan Down
</Button>,
        <Button
          color="info"
          onClick={undefined}
          tag="button"
>
          Pan Left
</Button>,
        <Button
          color="info"
          onClick={undefined}
          tag="button"
>
          Pan Right
</Button>,
        <Button
          color="info"
          onClick={undefined}
          tag="button"
>
          Pan Reset
</Button>,
      ],
    },
    "ref": null,
    "rendered": Array [
      Object {
        "instance": null,
        "key": undefined,
        "nodeType": "host",
        "props": Object {
          "children": "Camera Controls",
        },
        "ref": null,
        "rendered": "Camera Controls",
        "type": "h3",
      },
      Object {
        "instance": null,
        "key": undefined,
        "nodeType": "class",
        "props": Object {
          "children": "Zoom In ",
          "color": "secondary",
          "onClick": undefined,
          "tag": "button",
        },
        "ref": null,
        "rendered": "Zoom In ",
        "type": [Function],
      },
      Object {
        "instance": null,
        "key": undefined,
        "nodeType": "class",
        "props": Object {
          "children": "Zoom Out ",
          "color": "secondary",
          "onClick": undefined,
          "tag": "button",
        },
        "ref": null,
        "rendered": "Zoom Out ",
        "type": [Function],
      },
      Object {
        "instance": null,
        "key": undefined,
        "nodeType": "class",
        "props": Object {
          "children": "Reset Zoom",
          "color": "secondary",
          "onClick": undefined,
          "tag": "button",
        },
        "ref": null,
        "rendered": "Reset Zoom",
        "type": [Function],
      },
      Object {
        "instance": null,
        "key": undefined,
        "nodeType": "class",
        "props": Object {
          "children": "Pan Up",
          "color": "info",
          "onClick": undefined,
          "tag": "button",
        },
        "ref": null,
        "rendered": "Pan Up",
        "type": [Function],
      },
      Object {
        "instance": null,
        "key": undefined,
        "nodeType": "class",
        "props": Object {
          "children": "Pan Down",
          "color": "info",
          "onClick": undefined,
          "tag": "button",
        },
        "ref": null,
        "rendered": "Pan Down",
        "type": [Function],
      },
      Object {
        "instance": null,
        "key": undefined,
        "nodeType": "class",
        "props": Object {
          "children": "Pan Left",
          "color": "info",
          "onClick": undefined,
          "tag": "button",
        },
        "ref": null,
        "rendered": "Pan Left",
        "type": [Function],
      },
      Object {
        "instance": null,
        "key": undefined,
        "nodeType": "class",
        "props": Object {
          "children": "Pan Right",
          "color": "info",
          "onClick": undefined,
          "tag": "button",
        },
        "ref": null,
        "rendered": "Pan Right",
        "type": [Function],
      },
      Object {
        "instance": null,
        "key": undefined,
        "nodeType": "class",
        "props": Object {
          "children": "Pan Reset",
          "color": "info",
          "onClick": undefined,
          "tag": "button",
        },
        "ref": null,
        "rendered": "Pan Reset",
        "type": [Function],
      },
    ],
    "type": "aside",
  },
  Symbol(enzyme.__nodes__): Array [
    Object {
      "instance": null,
      "key": undefined,
      "nodeType": "host",
      "props": Object {
        "children": Array [
          <h3>
            Camera Controls
</h3>,
          <Button
            color="secondary"
            onClick={undefined}
            tag="button"
>
            Zoom In 
</Button>,
          <Button
            color="secondary"
            onClick={undefined}
            tag="button"
>
            Zoom Out 
</Button>,
          <Button
            color="secondary"
            onClick={undefined}
            tag="button"
>
            Reset Zoom
</Button>,
          <Button
            color="info"
            onClick={undefined}
            tag="button"
>
            Pan Up
</Button>,
          <Button
            color="info"
            onClick={undefined}
            tag="button"
>
            Pan Down
</Button>,
          <Button
            color="info"
            onClick={undefined}
            tag="button"
>
            Pan Left
</Button>,
          <Button
            color="info"
            onClick={undefined}
            tag="button"
>
            Pan Right
</Button>,
          <Button
            color="info"
            onClick={undefined}
            tag="button"
>
            Pan Reset
</Button>,
        ],
      },
      "ref": null,
      "rendered": Array [
        Object {
          "instance": null,
          "key": undefined,
          "nodeType": "host",
          "props": Object {
            "children": "Camera Controls",
          },
          "ref": null,
          "rendered": "Camera Controls",
          "type": "h3",
        },
        Object {
          "instance": null,
          "key": undefined,
          "nodeType": "class",
          "props": Object {
            "children": "Zoom In ",
            "color": "secondary",
            "onClick": undefined,
            "tag": "button",
          },
          "ref": null,
          "rendered": "Zoom In ",
          "type": [Function],
        },
        Object {
          "instance": null,
          "key": undefined,
          "nodeType": "class",
          "props": Object {
            "children": "Zoom Out ",
            "color": "secondary",
            "onClick": undefined,
            "tag": "button",
          },
          "ref": null,
          "rendered": "Zoom Out ",
          "type": [Function],
        },
        Object {
          "instance": null,
          "key": undefined,
          "nodeType": "class",
          "props": Object {
            "children": "Reset Zoom",
            "color": "secondary",
            "onClick": undefined,
            "tag": "button",
          },
          "ref": null,
          "rendered": "Reset Zoom",
          "type": [Function],
        },
        Object {
          "instance": null,
          "key": undefined,
          "nodeType": "class",
          "props": Object {
            "children": "Pan Up",
            "color": "info",
            "onClick": undefined,
            "tag": "button",
          },
          "ref": null,
          "rendered": "Pan Up",
          "type": [Function],
        },
        Object {
          "instance": null,
          "key": undefined,
          "nodeType": "class",
          "props": Object {
            "children": "Pan Down",
            "color": "info",
            "onClick": undefined,
            "tag": "button",
          },
          "ref": null,
          "rendered": "Pan Down",
          "type": [Function],
        },
        Object {
          "instance": null,
          "key": undefined,
          "nodeType": "class",
          "props": Object {
            "children": "Pan Left",
            "color": "info",
            "onClick": undefined,
            "tag": "button",
          },
          "ref": null,
          "rendered": "Pan Left",
          "type": [Function],
        },
        Object {
          "instance": null,
          "key": undefined,
          "nodeType": "class",
          "props": Object {
            "children": "Pan Right",
            "color": "info",
            "onClick": undefined,
            "tag": "button",
          },
          "ref": null,
          "rendered": "Pan Right",
          "type": [Function],
        },
        Object {
          "instance": null,
          "key": undefined,
          "nodeType": "class",
          "props": Object {
            "children": "Pan Reset",
            "color": "info",
            "onClick": undefined,
            "tag": "button",
          },
          "ref": null,
          "rendered": "Pan Reset",
          "type": [Function],
        },
      ],
      "type": "aside",
    },
  ],
  Symbol(enzyme.__options__): Object {
    "adapter": ReactSixteenAdapter {
      "options": Object {
        "enableComponentDidUpdateOnSetState": true,
      },
    },
  },
}
`;
