// Jest Snapshot v1, https://goo.gl/fbAQLP

exports[`Drawing the Map renders 1`] = `
ShallowWrapper {
  "length": 1,
  Symbol(enzyme.__root__): [Circular],
  Symbol(enzyme.__unrendered__): <Unknown
    pan={
        Object {
            "h": 1,
            "v": 1,
          }
    }
    world={
        Object {
            "uniqueStructures": Array [
              Object {
                "definition": Object {
                  "id": "",
                  "imageUrl": "",
                  "kind": "",
                  "length": 1,
                  "name": "",
                  "width": 1,
                },
                "definitionId": "",
                "id": "a",
                "image": Object {
                  "innerHTML": "Sup",
                },
                "imageHeight": 2,
                "imageWidth": 1,
                "name": "",
                "xposition": 1,
                "yposition": 1,
              },
            ],
          }
    }
    zoom={1}
/>,
  Symbol(enzyme.__renderer__): Object {
    "batchedUpdates": [Function],
    "getNode": [Function],
    "render": [Function],
    "simulateEvent": [Function],
    "unmount": [Function],
  },
  Symbol(enzyme.__node__): Object {
    "instance": null,
    "key": undefined,
    "nodeType": "host",
    "props": Object {
      "children": <svg
        className="map"
        height="800"
        preserveAspectRatio="xMidYMid"
        viewBox="-65 160 100 100"
        width="100%"
>
        <defs
                className="structureReference"
        >
                <symbol
                        dangerouslySetInnerHTML={
                                Object {
                                        "__html": "Sup",
                                      }
                        }
                        id="a"
                        viewBox="0 0 1 2"
                />
        </defs>
        <DrawBoard
                board={undefined}
        />
</svg>,
    },
    "ref": null,
    "rendered": Object {
      "instance": null,
      "key": undefined,
      "nodeType": "host",
      "props": Object {
        "children": Array [
          <defs
            className="structureReference"
>
            <symbol
                        dangerouslySetInnerHTML={
                                    Object {
                                                "__html": "Sup",
                                              }
                        }
                        id="a"
                        viewBox="0 0 1 2"
            />
</defs>,
          <DrawBoard
            board={undefined}
/>,
        ],
        "className": "map",
        "height": "800",
        "preserveAspectRatio": "xMidYMid",
        "viewBox": "-65 160 100 100",
        "width": "100%",
      },
      "ref": null,
      "rendered": Array [
        Object {
          "instance": null,
          "key": undefined,
          "nodeType": "host",
          "props": Object {
            "children": Array [
              <symbol
                dangerouslySetInnerHTML={
                                Object {
                                                "__html": "Sup",
                                              }
                }
                id="a"
                viewBox="0 0 1 2"
/>,
            ],
            "className": "structureReference",
          },
          "ref": null,
          "rendered": Array [
            Object {
              "instance": null,
              "key": "a",
              "nodeType": "host",
              "props": Object {
                "dangerouslySetInnerHTML": Object {
                  "__html": "Sup",
                },
                "id": "a",
                "viewBox": "0 0 1 2",
              },
              "ref": null,
              "rendered": null,
              "type": "symbol",
            },
          ],
          "type": "defs",
        },
        Object {
          "instance": null,
          "key": undefined,
          "nodeType": "class",
          "props": Object {
            "board": undefined,
          },
          "ref": null,
          "rendered": null,
          "type": [Function],
        },
      ],
      "type": "svg",
    },
    "type": "section",
  },
  Symbol(enzyme.__nodes__): Array [
    Object {
      "instance": null,
      "key": undefined,
      "nodeType": "host",
      "props": Object {
        "children": <svg
          className="map"
          height="800"
          preserveAspectRatio="xMidYMid"
          viewBox="-65 160 100 100"
          width="100%"
>
          <defs
                    className="structureReference"
          >
                    <symbol
                              dangerouslySetInnerHTML={
                                        Object {
                                                  "__html": "Sup",
                                                }
                              }
                              id="a"
                              viewBox="0 0 1 2"
                    />
          </defs>
          <DrawBoard
                    board={undefined}
          />
</svg>,
      },
      "ref": null,
      "rendered": Object {
        "instance": null,
        "key": undefined,
        "nodeType": "host",
        "props": Object {
          "children": Array [
            <defs
              className="structureReference"
>
              <symbol
                            dangerouslySetInnerHTML={
                                          Object {
                                                        "__html": "Sup",
                                                      }
                            }
                            id="a"
                            viewBox="0 0 1 2"
              />
</defs>,
            <DrawBoard
              board={undefined}
/>,
          ],
          "className": "map",
          "height": "800",
          "preserveAspectRatio": "xMidYMid",
          "viewBox": "-65 160 100 100",
          "width": "100%",
        },
        "ref": null,
        "rendered": Array [
          Object {
            "instance": null,
            "key": undefined,
            "nodeType": "host",
            "props": Object {
              "children": Array [
                <symbol
                  dangerouslySetInnerHTML={
                                    Object {
                                                      "__html": "Sup",
                                                    }
                  }
                  id="a"
                  viewBox="0 0 1 2"
/>,
              ],
              "className": "structureReference",
            },
            "ref": null,
            "rendered": Array [
              Object {
                "instance": null,
                "key": "a",
                "nodeType": "host",
                "props": Object {
                  "dangerouslySetInnerHTML": Object {
                    "__html": "Sup",
                  },
                  "id": "a",
                  "viewBox": "0 0 1 2",
                },
                "ref": null,
                "rendered": null,
                "type": "symbol",
              },
            ],
            "type": "defs",
          },
          Object {
            "instance": null,
            "key": undefined,
            "nodeType": "class",
            "props": Object {
              "board": undefined,
            },
            "ref": null,
            "rendered": null,
            "type": [Function],
          },
        ],
        "type": "svg",
      },
      "type": "section",
    },
  ],
  Symbol(enzyme.__options__): Object {
    "adapter": ReactSixteenAdapter {
      "options": Object {
        "enableComponentDidUpdateOnSetState": true,
      },
    },
  },
}
`;
