// Jest Snapshot v1, https://goo.gl/fbAQLP

exports[`Map Editor renders 1`] = `
ShallowWrapper {
  "length": 1,
  Symbol(enzyme.__root__): [Circular],
  Symbol(enzyme.__unrendered__): <Unknown
    world={
        Object {
            "board": Array [
              Array [
                Object {
                  "definition": Object {
                    "id": "",
                    "imageUrl": "",
                    "kind": "",
                    "length": 1,
                    "name": "",
                    "width": 1,
                  },
                  "definitionId": "",
                  "name": "",
                  "xposition": 1,
                  "yposition": 1,
                },
              ],
            ],
            "createdAt": 1,
            "id": "",
            "isPublished": false,
            "key": "",
            "length": 1,
            "name": "",
            "nullStructureId": "",
            "structures": Array [
              Object {
                "definition": Object {
                  "id": "",
                  "imageUrl": "",
                  "kind": "",
                  "length": 1,
                  "name": "",
                  "width": 1,
                },
                "definitionId": "",
                "name": "",
                "xposition": 1,
                "yposition": 1,
              },
            ],
            "uniqueStructures": Array [
              Object {
                "id": "",
                "imageUrl": "",
                "kind": "",
                "length": 1,
                "name": "",
                "width": 1,
              },
            ],
            "width": 1,
          }
    }
/>,
  Symbol(enzyme.__renderer__): Object {
    "batchedUpdates": [Function],
    "getNode": [Function],
    "render": [Function],
    "simulateEvent": [Function],
    "unmount": [Function],
  },
  Symbol(enzyme.__node__): Object {
    "instance": null,
    "key": undefined,
    "nodeType": "host",
    "props": Object {
      "children": Array [
        <h2 />,
        <Connect(Component) />,
        <Connect(Component)
          world={
                    Object {
                              "board": Array [
                                Array [
                                  Object {
                                    "definition": Object {
                                      "id": "",
                                      "imageUrl": "",
                                      "kind": "",
                                      "length": 1,
                                      "name": "",
                                      "width": 1,
                                    },
                                    "definitionId": "",
                                    "name": "",
                                    "xposition": 1,
                                    "yposition": 1,
                                  },
                                ],
                              ],
                              "createdAt": 1,
                              "id": "",
                              "isPublished": false,
                              "key": "",
                              "length": 1,
                              "name": "",
                              "nullStructureId": "",
                              "structures": Array [
                                Object {
                                  "definition": Object {
                                    "id": "",
                                    "imageUrl": "",
                                    "kind": "",
                                    "length": 1,
                                    "name": "",
                                    "width": 1,
                                  },
                                  "definitionId": "",
                                  "name": "",
                                  "xposition": 1,
                                  "yposition": 1,
                                },
                              ],
                              "uniqueStructures": Array [
                                Object {
                                  "id": "",
                                  "imageUrl": "",
                                  "kind": "",
                                  "length": 1,
                                  "name": "",
                                  "width": 1,
                                },
                              ],
                              "width": 1,
                            }
          }
/>,
      ],
    },
    "ref": null,
    "rendered": Array [
      Object {
        "instance": null,
        "key": undefined,
        "nodeType": "host",
        "props": Object {
          "children": "",
        },
        "ref": null,
        "rendered": "",
        "type": "h2",
      },
      Object {
        "instance": null,
        "key": undefined,
        "nodeType": "class",
        "props": Object {},
        "ref": null,
        "rendered": null,
        "type": [Function],
      },
      Object {
        "instance": null,
        "key": undefined,
        "nodeType": "class",
        "props": Object {
          "world": Object {
            "board": Array [
              Array [
                Object {
                  "definition": Object {
                    "id": "",
                    "imageUrl": "",
                    "kind": "",
                    "length": 1,
                    "name": "",
                    "width": 1,
                  },
                  "definitionId": "",
                  "name": "",
                  "xposition": 1,
                  "yposition": 1,
                },
              ],
            ],
            "createdAt": 1,
            "id": "",
            "isPublished": false,
            "key": "",
            "length": 1,
            "name": "",
            "nullStructureId": "",
            "structures": Array [
              Object {
                "definition": Object {
                  "id": "",
                  "imageUrl": "",
                  "kind": "",
                  "length": 1,
                  "name": "",
                  "width": 1,
                },
                "definitionId": "",
                "name": "",
                "xposition": 1,
                "yposition": 1,
              },
            ],
            "uniqueStructures": Array [
              Object {
                "id": "",
                "imageUrl": "",
                "kind": "",
                "length": 1,
                "name": "",
                "width": 1,
              },
            ],
            "width": 1,
          },
        },
        "ref": null,
        "rendered": null,
        "type": [Function],
      },
    ],
    "type": "article",
  },
  Symbol(enzyme.__nodes__): Array [
    Object {
      "instance": null,
      "key": undefined,
      "nodeType": "host",
      "props": Object {
        "children": Array [
          <h2 />,
          <Connect(Component) />,
          <Connect(Component)
            world={
                        Object {
                                    "board": Array [
                                      Array [
                                        Object {
                                          "definition": Object {
                                            "id": "",
                                            "imageUrl": "",
                                            "kind": "",
                                            "length": 1,
                                            "name": "",
                                            "width": 1,
                                          },
                                          "definitionId": "",
                                          "name": "",
                                          "xposition": 1,
                                          "yposition": 1,
                                        },
                                      ],
                                    ],
                                    "createdAt": 1,
                                    "id": "",
                                    "isPublished": false,
                                    "key": "",
                                    "length": 1,
                                    "name": "",
                                    "nullStructureId": "",
                                    "structures": Array [
                                      Object {
                                        "definition": Object {
                                          "id": "",
                                          "imageUrl": "",
                                          "kind": "",
                                          "length": 1,
                                          "name": "",
                                          "width": 1,
                                        },
                                        "definitionId": "",
                                        "name": "",
                                        "xposition": 1,
                                        "yposition": 1,
                                      },
                                    ],
                                    "uniqueStructures": Array [
                                      Object {
                                        "id": "",
                                        "imageUrl": "",
                                        "kind": "",
                                        "length": 1,
                                        "name": "",
                                        "width": 1,
                                      },
                                    ],
                                    "width": 1,
                                  }
            }
/>,
        ],
      },
      "ref": null,
      "rendered": Array [
        Object {
          "instance": null,
          "key": undefined,
          "nodeType": "host",
          "props": Object {
            "children": "",
          },
          "ref": null,
          "rendered": "",
          "type": "h2",
        },
        Object {
          "instance": null,
          "key": undefined,
          "nodeType": "class",
          "props": Object {},
          "ref": null,
          "rendered": null,
          "type": [Function],
        },
        Object {
          "instance": null,
          "key": undefined,
          "nodeType": "class",
          "props": Object {
            "world": Object {
              "board": Array [
                Array [
                  Object {
                    "definition": Object {
                      "id": "",
                      "imageUrl": "",
                      "kind": "",
                      "length": 1,
                      "name": "",
                      "width": 1,
                    },
                    "definitionId": "",
                    "name": "",
                    "xposition": 1,
                    "yposition": 1,
                  },
                ],
              ],
              "createdAt": 1,
              "id": "",
              "isPublished": false,
              "key": "",
              "length": 1,
              "name": "",
              "nullStructureId": "",
              "structures": Array [
                Object {
                  "definition": Object {
                    "id": "",
                    "imageUrl": "",
                    "kind": "",
                    "length": 1,
                    "name": "",
                    "width": 1,
                  },
                  "definitionId": "",
                  "name": "",
                  "xposition": 1,
                  "yposition": 1,
                },
              ],
              "uniqueStructures": Array [
                Object {
                  "id": "",
                  "imageUrl": "",
                  "kind": "",
                  "length": 1,
                  "name": "",
                  "width": 1,
                },
              ],
              "width": 1,
            },
          },
          "ref": null,
          "rendered": null,
          "type": [Function],
        },
      ],
      "type": "article",
    },
  ],
  Symbol(enzyme.__options__): Object {
    "adapter": ReactSixteenAdapter {
      "options": Object {
        "enableComponentDidUpdateOnSetState": true,
      },
    },
  },
}
`;
